S,A,B,C,D,<Bd>,<dC>,<bd>,<bc>,<da>,d',a',b',c'
a,b,c,d
S
S->A<Bd>
A->B<dC>
A->BD
B->a'<bd>
C->a'<bc>
D->C<da>
<Bd>->Bd'
<dC>->d'C
<bd>->b'd'
<bc>->b'c'
<da>->d'a'
d'->d
a'->a
b'->b
c'->c
