S,A,B
a,b,c,d
S
S->AB
A->aAb
A->ab
B->AB
B->cBd
B->cd
