S,A,B,<AB>,<BB>,a'
a,b
S
S->a'<AB>
S->BA
A->B<BB>
A->a
B->AS
B->b
<AB>->AB
<BB>->BB
a'->a
