E,T,F
+,*,(,),i
E
E->E+T
E->T*F
E->(E)
E->i
T->T*F
T->(E)
T->i
F->(E)
F->i
